// Jest Snapshot v1, https://goo.gl/fbAQLP

exports[`<CartList /> should render the heading 1`] = `
.c2 {
  padding: 1.6rem;
  border-bottom: 0.1rem solid #EAEAEA;
}

.c3 {
  display: -webkit-box;
  display: -webkit-flex;
  display: -ms-flexbox;
  display: flex;
  width: 100%;
}

.c4 {
  -webkit-flex-shrink: 0;
  -ms-flex-negative: 0;
  flex-shrink: 0;
  margin-right: 1.2rem;
  width: 9.6rem;
  height: 5.6rem;
}

.c4 img {
  width: 100%;
  height: 100%;
  object-fit: cover;
}

.c5 {
  width: 100%;
  display: -webkit-box;
  display: -webkit-flex;
  display: -ms-flexbox;
  display: flex;
  -webkit-flex-direction: column;
  -ms-flex-direction: column;
  flex-direction: column;
  -webkit-align-items: flex-start;
  -webkit-box-align: flex-start;
  -ms-flex-align: flex-start;
  align-items: flex-start;
}

.c6 {
  width: 100%;
  display: -webkit-box;
  display: -webkit-flex;
  display: -ms-flexbox;
  display: flex;
  -webkit-align-items: center;
  -webkit-box-align: center;
  -ms-flex-align: center;
  align-items: center;
  -webkit-box-pack: justify;
  -webkit-justify-content: space-between;
  -ms-flex-pack: justify;
  justify-content: space-between;
}

.c7 {
  font-size: 1.4rem;
  line-height: 1.4rem;
  font-weight: 600;
  color: #030517;
  margin-bottom: 0.8rem;
}

.c9 {
  color: #FAFAFA;
  padding: 0.2rem 1.2rem;
  background-color: #3CD3C1;
  border-radius: 0.4rem;
  font-size: 1.4rem;
  font-weight: 600;
}

.c8 {
  display: -webkit-box;
  display: -webkit-flex;
  display: -ms-flexbox;
  display: flex;
  -webkit-align-items: center;
  -webkit-box-align: center;
  -ms-flex-align: center;
  align-items: center;
  -webkit-box-pack: end;
  -webkit-justify-content: flex-end;
  -ms-flex-pack: end;
  justify-content: flex-end;
  width: 100%;
}

.c0 {
  background: #FAFAFA;
  display: -webkit-box;
  display: -webkit-flex;
  display: -ms-flexbox;
  display: flex;
  -webkit-flex-direction: column;
  -ms-flex-direction: column;
  flex-direction: column;
  -webkit-align-self: flex-start;
  -ms-flex-item-align: start;
  align-self: flex-start;
}

.c1 {
  max-height: 40rem;
  overflow-y: auto;
}

.c10 {
  background: #eee;
  color: #030517;
  font-weight: 600;
  font-size: 1.4rem;
  padding: 2rem;
  display: -webkit-box;
  display: -webkit-flex;
  display: -ms-flexbox;
  display: flex;
  -webkit-box-pack: justify;
  -webkit-justify-content: space-between;
  -ms-flex-pack: justify;
  justify-content: space-between;
  -webkit-align-items: center;
  -webkit-box-align: center;
  -ms-flex-align: center;
  align-items: center;
}

.c11 {
  color: #F231A5;
}

@media (min-width:768px) {
  .c2 {
    display: -webkit-box;
    display: -webkit-flex;
    display: -ms-flexbox;
    display: flex;
    padding: 2.4rem;
  }
}

@media (min-width:768px) {
  .c4 {
    margin-right: 1.6rem;
    width: 15rem;
    height: 7rem;
  }
}

@media (min-width:768px) {
  .c7 {
    font-size: 2rem;
    line-height: 2rem;
  }
}

<div>
  <div
    class="c0"
    data-testid="cart-list"
  >
    <div
      class="c1"
    >
      <div
        class="c2"
        data-testid="game-item"
      >
        <div
          class="c3"
        >
          <div
            class="c4"
          >
            <img
              alt="Red Dead Redemption 2"
              height="70"
              src="https://source.unsplash.com/user/willianjusten/151x70"
              width="150"
            />
          </div>
          <div
            class="c5"
          >
            <div
              class="c6"
            >
              <h3
                class="c7"
              >
                Red Dead Redemption 2
              </h3>
            </div>
            <div
              class="c8"
            >
              <div
                class="c9"
              >
                $215.00
              </div>
            </div>
          </div>
        </div>
      </div>
      <div
        class="c2"
        data-testid="game-item"
      >
        <div
          class="c3"
        >
          <div
            class="c4"
          >
            <img
              alt="Borderlands 3"
              height="70"
              src="https://source.unsplash.com/user/willianjusten/151x70"
              width="150"
            />
          </div>
          <div
            class="c5"
          >
            <div
              class="c6"
            >
              <h3
                class="c7"
              >
                Borderlands 3
              </h3>
            </div>
            <div
              class="c8"
            >
              <div
                class="c9"
              >
                $215.00
              </div>
            </div>
          </div>
        </div>
      </div>
    </div>
    <div
      class="c10"
    >
      <span>
        Total
      </span>
      <span
        class="c11"
      >
        $430.00
      </span>
    </div>
  </div>
</div>
`;
